// Jest Snapshot v1, https://goo.gl/fbAQLP

exports[`snapshots it should match snapshot for the initial render with some notes 1`] = `
<DocumentFragment>
  <div
    class="MuiPaper-root makeStyles-paper-132 MuiPaper-elevation1 MuiPaper-rounded"
  >
    <div
      class="makeStyles-notesRoot-131"
    >
      <div
        data-testid="noterow.0"
      >
        <div
          class="makeStyles-noteRow-136"
        >
          <div
            class="makeStyles-expander-138"
            data-testid="collapseBtn.0"
          >
            <svg
              class="makeStyles-expanded-139"
              height="20"
              viewBox="0 0 20 20"
              width="20"
            >
              <path
                d="M13.75 9.56879C14.0833 9.76124 14.0833 10.2424 13.75 10.4348L8.5 13.4659C8.16667 13.6584 7.75 13.4178 7.75 13.0329L7.75 6.97072C7.75 6.58582 8.16667 6.34525 8.5 6.5377L13.75 9.56879Z"
                fill="currentColor"
                stroke="none"
              />
            </svg>
          </div>
          <div
            class="makeStyles-bullet-137"
          >
            <svg
              fill="#747474"
              viewBox="0 0 18 18"
            >
              <circle
                cx="9"
                cy="9"
                r="3.5"
              />
            </svg>
          </div>
          <pre
            class="makeStyles-editable-134"
            contenteditable="true"
            id="note.0"
          >
            one
          </pre>
        </div>
        <div
          class="makeStyles-child_notes-135"
          data-testid="noterow.0.0"
        >
          <div
            class="makeStyles-noteRow-136"
          >
            <div
              class="makeStyles-emptySpace-140"
            />
            <div
              class="makeStyles-bullet-137"
            >
              <svg
                fill="#747474"
                viewBox="0 0 18 18"
              >
                <circle
                  cx="9"
                  cy="9"
                  r="3.5"
                />
              </svg>
            </div>
            <pre
              class="makeStyles-editable-134"
              contenteditable="true"
              id="note.0.0"
            >
              one one
            </pre>
          </div>
        </div>
        <div
          class="makeStyles-child_notes-135"
          data-testid="noterow.0.1"
        >
          <div
            class="makeStyles-noteRow-136"
          >
            <div
              class="makeStyles-emptySpace-140"
            />
            <div
              class="makeStyles-bullet-137"
            >
              <svg
                fill="#747474"
                viewBox="0 0 18 18"
              >
                <circle
                  cx="9"
                  cy="9"
                  r="3.5"
                />
              </svg>
            </div>
            <pre
              class="makeStyles-editable-134"
              contenteditable="true"
              id="note.0.1"
            >
              one two
            </pre>
          </div>
        </div>
      </div>
      <div
        data-testid="noterow.1"
      >
        <div
          class="makeStyles-noteRow-136"
        >
          <div
            class="makeStyles-emptySpace-140"
          />
          <div
            class="makeStyles-bullet-137"
          >
            <svg
              fill="#747474"
              viewBox="0 0 18 18"
            >
              <circle
                cx="9"
                cy="9"
                r="3.5"
              />
            </svg>
          </div>
          <pre
            class="makeStyles-editable-134"
            contenteditable="true"
            id="note.1"
          >
            two
          </pre>
        </div>
      </div>
      <div
        data-testid="noterow.2"
      >
        <div
          class="makeStyles-noteRow-136"
        >
          <div
            class="makeStyles-expander-138"
            data-testid="collapseBtn.2"
          >
            <svg
              height="20"
              viewBox="0 0 20 20"
              width="20"
            >
              <path
                d="M13.75 9.56879C14.0833 9.76124 14.0833 10.2424 13.75 10.4348L8.5 13.4659C8.16667 13.6584 7.75 13.4178 7.75 13.0329L7.75 6.97072C7.75 6.58582 8.16667 6.34525 8.5 6.5377L13.75 9.56879Z"
                fill="currentColor"
                stroke="none"
              />
            </svg>
          </div>
          <div
            class="makeStyles-bullet-137"
          >
            <svg
              fill="#747474"
              viewBox="0 0 18 18"
            >
              <circle
                cx="9"
                cy="9"
                r="3.5"
              />
            </svg>
          </div>
          <pre
            class="makeStyles-editable-134"
            contenteditable="true"
            id="note.2"
          >
            three
          </pre>
        </div>
      </div>
      <div
        class="makeStyles-addBtn-133"
      >
        +
      </div>
    </div>
  </div>
</DocumentFragment>
`;
